git-cherry(1)
=============

NOME
----
git-cherry - Encontre commits ainda a serem aplicados no upstream

SINOPSE
-------
[verse]
'git cherry' [-v] [<upstream> [<head> [<limite>]]]

DESCRIÇÃO
---------
Determine se há commits em `<head> .. <upstream>` que são equivalentes
àqueles no intervalo `<limite> .. <head>`.

O teste de equivalência é baseado no diff, depois de remover os espaços em
branco e os números das linhas.  O git-cherry, portanto, detecta quando os
commits foram "copiados" por meio do linkgit:git-cherry-pick[1],
linkgit:git-am[1] ou linkgit:git-rebase[1].

Gera o SHA1 de cada commit em `<limite> .. <head>`, prefixado com `-` para
commits que possuem um equivalente em <upstream>, e` + `para commits que não
o fazem.

OPÇÕES
------
-v::
	Mostra os assuntos de commits ao lado dos SHA1s.

<upstream>::
	Ramificação upstream para procurar confirmações equivalentes.  Padrão para o
	ramo de upstream de HEAD.

<head>::
	Branch de trabalho; O padrão é HEAD.

<limite>::
	Não denuncie commits até (e incluindo) limite.

EXEMPLOS
--------

Fluxos de trabalho de patch
~~~~~~~~~~~~~~~~~~~~~~~~~~~

O git-cherry é freqüentemente usado em fluxos de trabalho baseados em
patches (veja linkgit:gitworkflows[7]) para determinar se uma série de
patches foi aplicada pelo mantenedor do upstream.  Nesse fluxo de trabalho,
você pode criar e enviar um ramo de tópico como este:

------------
$ git verificar -b topic origem/master
# trabalhe e crie alguns commits
$ git formato-patch origem/master
$ git send-email ... 00*
------------

Mais tarde, você pode ver se suas alterações foram aplicadas dizendo (ainda
em `topic`):

------------
$ git fetch  # atualize sua noção de origem/master
$ git cherry -v
------------

Exemplo concreto
~~~~~~~~~~~~~~~~

Em uma situação em que o tópico consistia em três commits e o mantenedor
aplicava dois deles, a situação poderia parecer:

------------
$ git log --graph --oneline --decorate --boundary origin/master...topic
* 7654321 (origin/master) upstream tip commit
[... snip some other commits ...]
* cccc111 cherry-pick of C
* aaaa111 cherry-pick of A
[... snip a lot more that has happened ...]
| * cccc000 (topic) commit C
| * bbbb000 commit B
| * aaaa000 commit A
|/
o 1234567 branch point
------------

Nesses casos, o git-cherry mostra um resumo conciso do que ainda precisa ser
aplicado:

------------
$ git cherry origin/master topic
- cccc000... commit C
+ bbbb000... commit B
- aaaa000... commit A
------------

Aqui, vemos que os commits A e C (marcados com `-`) podem ser removidos de
sua ramificação` topic` quando você rebase em cima de `origidm/master`,
enquanto o commit B (marcado com `+`) ainda precisa ser mantido para que
seja enviado para ser aplicado a `origem/ master`.


Usando um limite
~~~~~~~~~~~~~~~~

O <limite> opcional é útil nos casos em que seu tópico é baseado em outro
trabalho que não está no desenvolvimento.  Expandindo o exemplo anterior,
isso pode parecer com:

------------
$ git log --graph --oneline --decorate --boundary origin/master...topic
* 7654321 (origin/master) upstream tip commit
[... snip some other commits ...]
* cccc111 cherry-pick of C
* aaaa111 cherry-pick of A
[... snip a lot more that has happened ...]
| * cccc000 (topic) commit C
| * bbbb000 commit B
| * aaaa000 commit A
| * 0000fff (base) unpublished stuff F
[... snip ...]
| * 0000aaa unpublished stuff A
|/
o 1234567 merge-base between upstream and topic
------------

Especificando `base` como limite, você pode evitar listar commits entre`
base` e `topic`:

------------
$ git cherry origem/master base de tópicos
- cccc000... commit C
+ bbbb000... commit B
- aaaa000... commit A
------------


VEJA TAMBÉM
-----------
linkgit:git-patch-id[1]

GIT
---
Parte do linkgit: git[1] suite
